Archive member included to satisfy reference by file (symbol)

c:/program files (x86)/atmel/studio/7.0/toolchain/avr8/avr8-gnu-toolchain/bin/../lib/gcc/avr/5.4.0/avr5\libgcc.a(_divmodhi4.o)
                              GUI.o (__divmodhi4)
c:/program files (x86)/atmel/studio/7.0/toolchain/avr8/avr8-gnu-toolchain/bin/../lib/gcc/avr/5.4.0/avr5\libgcc.a(_exit.o)
                              C:/Program Files (x86)/Atmel/Studio/7.0/Packs/atmel/ATmega_DFP/1.2.209/gcc/dev/atmega169p/avr5/crtatmega169p.o (exit)
c:/program files (x86)/atmel/studio/7.0/toolchain/avr8/avr8-gnu-toolchain/bin/../lib/gcc/avr/5.4.0/avr5\libgcc.a(_tablejump2.o)
                              GUI.o (__tablejump2__)
c:/program files (x86)/atmel/studio/7.0/toolchain/avr8/avr8-gnu-toolchain/bin/../lib/gcc/avr/5.4.0/avr5\libgcc.a(_copy_data.o)
                              main.o (__do_copy_data)
c:/program files (x86)/atmel/studio/7.0/toolchain/avr8/avr8-gnu-toolchain/bin/../lib/gcc/avr/5.4.0/avr5\libgcc.a(_clear_bss.o)
                              main.o (__do_clear_bss)
c:/program files (x86)/atmel/studio/7.0/toolchain/avr8/avr8-gnu-toolchain/bin/../lib/gcc/avr/5.4.0/avr5\libgcc.a(_udivmodhi4.o)
                              c:/program files (x86)/atmel/studio/7.0/toolchain/avr8/avr8-gnu-toolchain/bin/../lib/gcc/avr/5.4.0/avr5\libgcc.a(_divmodhi4.o) (__udivmodhi4)
c:/program files (x86)/atmel/studio/7.0/toolchain/avr8/avr8-gnu-toolchain/bin/../lib/gcc/avr/5.4.0/../../../../avr/lib/avr5\libc.a(setjmp.o)
                              TinyTimber.o (setjmp)

Allocating common symbols
Common symbol       size              file

otable              0x24              TinyTimber.o
threads             0x74              TinyTimber.o
mtable              0x24              TinyTimber.o
thread0             0x1d              TinyTimber.o
messages            0xf0              TinyTimber.o
stacks              0x180             TinyTimber.o

Discarded input sections

 .data          0x00000000        0x0 C:/Program Files (x86)/Atmel/Studio/7.0/Packs/atmel/ATmega_DFP/1.2.209/gcc/dev/atmega169p/avr5/crtatmega169p.o
 .bss           0x00000000        0x0 C:/Program Files (x86)/Atmel/Studio/7.0/Packs/atmel/ATmega_DFP/1.2.209/gcc/dev/atmega169p/avr5/crtatmega169p.o
 .text          0x00000000        0x0 Bridge.o
 .data          0x00000000        0x0 Bridge.o
 .bss           0x00000000        0x0 Bridge.o
 .text          0x00000000        0x0 CarQueue.o
 .data          0x00000000        0x0 CarQueue.o
 .bss           0x00000000        0x0 CarQueue.o
 .text          0x00000000        0x0 GUI.o
 .data          0x00000000        0x0 GUI.o
 .bss           0x00000000        0x0 GUI.o
 .text          0x00000000        0x0 InputHandler.o
 .data          0x00000000        0x0 InputHandler.o
 .bss           0x00000000        0x0 InputHandler.o
 .text          0x00000000        0x0 main.o
 .data          0x00000000        0x0 main.o
 .bss           0x00000000        0x0 main.o
 .text.USART_Init
                0x00000000       0x16 main.o
 .text          0x00000000        0x0 SimWriter.o
 .data          0x00000000        0x0 SimWriter.o
 .bss           0x00000000        0x0 SimWriter.o
 .text          0x00000000        0x0 TinyTimber.o
 .data          0x00000000        0x0 TinyTimber.o
 .bss           0x00000000        0x0 TinyTimber.o
 .text.enqueueByDeadline
                0x00000000       0x8c TinyTimber.o
 .text.enqueueByBaseline
                0x00000000       0x8c TinyTimber.o
 .text.dequeue  0x00000000       0x1c TinyTimber.o
 .text.insert   0x00000000       0x14 TinyTimber.o
 .text.push     0x00000000       0x14 TinyTimber.o
 .text.pop      0x00000000       0x14 TinyTimber.o
 .text.ABORT    0x00000000      0x10c TinyTimber.o
 .text.T_RESET  0x00000000       0x44 TinyTimber.o
 .text.T_SAMPLE
                0x00000000       0x54 TinyTimber.o
 .text.CURRENT_OFFSET
                0x00000000       0x84 TinyTimber.o
 .text          0x00000000        0x0 TrafficLight.o
 .data          0x00000000        0x0 TrafficLight.o
 .bss           0x00000000        0x0 TrafficLight.o
 .text          0x00000000        0x0 c:/program files (x86)/atmel/studio/7.0/toolchain/avr8/avr8-gnu-toolchain/bin/../lib/gcc/avr/5.4.0/avr5\libgcc.a(_divmodhi4.o)
 .data          0x00000000        0x0 c:/program files (x86)/atmel/studio/7.0/toolchain/avr8/avr8-gnu-toolchain/bin/../lib/gcc/avr/5.4.0/avr5\libgcc.a(_divmodhi4.o)
 .bss           0x00000000        0x0 c:/program files (x86)/atmel/studio/7.0/toolchain/avr8/avr8-gnu-toolchain/bin/../lib/gcc/avr/5.4.0/avr5\libgcc.a(_divmodhi4.o)
 .text.libgcc.mul
                0x00000000        0x0 c:/program files (x86)/atmel/studio/7.0/toolchain/avr8/avr8-gnu-toolchain/bin/../lib/gcc/avr/5.4.0/avr5\libgcc.a(_divmodhi4.o)
 .text.libgcc   0x00000000        0x0 c:/program files (x86)/atmel/studio/7.0/toolchain/avr8/avr8-gnu-toolchain/bin/../lib/gcc/avr/5.4.0/avr5\libgcc.a(_divmodhi4.o)
 .text.libgcc.prologue
                0x00000000        0x0 c:/program files (x86)/atmel/studio/7.0/toolchain/avr8/avr8-gnu-toolchain/bin/../lib/gcc/avr/5.4.0/avr5\libgcc.a(_divmodhi4.o)
 .text.libgcc.builtins
                0x00000000        0x0 c:/program files (x86)/atmel/studio/7.0/toolchain/avr8/avr8-gnu-toolchain/bin/../lib/gcc/avr/5.4.0/avr5\libgcc.a(_divmodhi4.o)
 .text.libgcc.fmul
                0x00000000        0x0 c:/program files (x86)/atmel/studio/7.0/toolchain/avr8/avr8-gnu-toolchain/bin/../lib/gcc/avr/5.4.0/avr5\libgcc.a(_divmodhi4.o)
 .text.libgcc.fixed
                0x00000000        0x0 c:/program files (x86)/atmel/studio/7.0/toolchain/avr8/avr8-gnu-toolchain/bin/../lib/gcc/avr/5.4.0/avr5\libgcc.a(_divmodhi4.o)
 .text          0x00000000        0x0 c:/program files (x86)/atmel/studio/7.0/toolchain/avr8/avr8-gnu-toolchain/bin/../lib/gcc/avr/5.4.0/avr5\libgcc.a(_exit.o)
 .data          0x00000000        0x0 c:/program files (x86)/atmel/studio/7.0/toolchain/avr8/avr8-gnu-toolchain/bin/../lib/gcc/avr/5.4.0/avr5\libgcc.a(_exit.o)
 .bss           0x00000000        0x0 c:/program files (x86)/atmel/studio/7.0/toolchain/avr8/avr8-gnu-toolchain/bin/../lib/gcc/avr/5.4.0/avr5\libgcc.a(_exit.o)
 .text.libgcc.mul
                0x00000000        0x0 c:/program files (x86)/atmel/studio/7.0/toolchain/avr8/avr8-gnu-toolchain/bin/../lib/gcc/avr/5.4.0/avr5\libgcc.a(_exit.o)
 .text.libgcc.div
                0x00000000        0x0 c:/program files (x86)/atmel/studio/7.0/toolchain/avr8/avr8-gnu-toolchain/bin/../lib/gcc/avr/5.4.0/avr5\libgcc.a(_exit.o)
 .text.libgcc   0x00000000        0x0 c:/program files (x86)/atmel/studio/7.0/toolchain/avr8/avr8-gnu-toolchain/bin/../lib/gcc/avr/5.4.0/avr5\libgcc.a(_exit.o)
 .text.libgcc.prologue
                0x00000000        0x0 c:/program files (x86)/atmel/studio/7.0/toolchain/avr8/avr8-gnu-toolchain/bin/../lib/gcc/avr/5.4.0/avr5\libgcc.a(_exit.o)
 .text.libgcc.builtins
                0x00000000        0x0 c:/program files (x86)/atmel/studio/7.0/toolchain/avr8/avr8-gnu-toolchain/bin/../lib/gcc/avr/5.4.0/avr5\libgcc.a(_exit.o)
 .text.libgcc.fmul
                0x00000000        0x0 c:/program files (x86)/atmel/studio/7.0/toolchain/avr8/avr8-gnu-toolchain/bin/../lib/gcc/avr/5.4.0/avr5\libgcc.a(_exit.o)
 .text.libgcc.fixed
                0x00000000        0x0 c:/program files (x86)/atmel/studio/7.0/toolchain/avr8/avr8-gnu-toolchain/bin/../lib/gcc/avr/5.4.0/avr5\libgcc.a(_exit.o)
 .text          0x00000000        0x0 c:/program files (x86)/atmel/studio/7.0/toolchain/avr8/avr8-gnu-toolchain/bin/../lib/gcc/avr/5.4.0/avr5\libgcc.a(_tablejump2.o)
 .data          0x00000000        0x0 c:/program files (x86)/atmel/studio/7.0/toolchain/avr8/avr8-gnu-toolchain/bin/../lib/gcc/avr/5.4.0/avr5\libgcc.a(_tablejump2.o)
 .bss           0x00000000        0x0 c:/program files (x86)/atmel/studio/7.0/toolchain/avr8/avr8-gnu-toolchain/bin/../lib/gcc/avr/5.4.0/avr5\libgcc.a(_tablejump2.o)
 .text.libgcc.mul
                0x00000000        0x0 c:/program files (x86)/atmel/studio/7.0/toolchain/avr8/avr8-gnu-toolchain/bin/../lib/gcc/avr/5.4.0/avr5\libgcc.a(_tablejump2.o)
 .text.libgcc.div
                0x00000000        0x0 c:/program files (x86)/atmel/studio/7.0/toolchain/avr8/avr8-gnu-toolchain/bin/../lib/gcc/avr/5.4.0/avr5\libgcc.a(_tablejump2.o)
 .text.libgcc.prologue
                0x00000000        0x0 c:/program files (x86)/atmel/studio/7.0/toolchain/avr8/avr8-gnu-toolchain/bin/../lib/gcc/avr/5.4.0/avr5\libgcc.a(_tablejump2.o)
 .text.libgcc.builtins
                0x00000000        0x0 c:/program files (x86)/atmel/studio/7.0/toolchain/avr8/avr8-gnu-toolchain/bin/../lib/gcc/avr/5.4.0/avr5\libgcc.a(_tablejump2.o)
 .text.libgcc.fmul
                0x00000000        0x0 c:/program files (x86)/atmel/studio/7.0/toolchain/avr8/avr8-gnu-toolchain/bin/../lib/gcc/avr/5.4.0/avr5\libgcc.a(_tablejump2.o)
 .text.libgcc.fixed
                0x00000000        0x0 c:/program files (x86)/atmel/studio/7.0/toolchain/avr8/avr8-gnu-toolchain/bin/../lib/gcc/avr/5.4.0/avr5\libgcc.a(_tablejump2.o)
 .text          0x00000000        0x0 c:/program files (x86)/atmel/studio/7.0/toolchain/avr8/avr8-gnu-toolchain/bin/../lib/gcc/avr/5.4.0/avr5\libgcc.a(_copy_data.o)
 .data          0x00000000        0x0 c:/program files (x86)/atmel/studio/7.0/toolchain/avr8/avr8-gnu-toolchain/bin/../lib/gcc/avr/5.4.0/avr5\libgcc.a(_copy_data.o)
 .bss           0x00000000        0x0 c:/program files (x86)/atmel/studio/7.0/toolchain/avr8/avr8-gnu-toolchain/bin/../lib/gcc/avr/5.4.0/avr5\libgcc.a(_copy_data.o)
 .text.libgcc.mul
                0x00000000        0x0 c:/program files (x86)/atmel/studio/7.0/toolchain/avr8/avr8-gnu-toolchain/bin/../lib/gcc/avr/5.4.0/avr5\libgcc.a(_copy_data.o)
 .text.libgcc.div
                0x00000000        0x0 c:/program files (x86)/atmel/studio/7.0/toolchain/avr8/avr8-gnu-toolchain/bin/../lib/gcc/avr/5.4.0/avr5\libgcc.a(_copy_data.o)
 .text.libgcc   0x00000000        0x0 c:/program files (x86)/atmel/studio/7.0/toolchain/avr8/avr8-gnu-toolchain/bin/../lib/gcc/avr/5.4.0/avr5\libgcc.a(_copy_data.o)
 .text.libgcc.prologue
                0x00000000        0x0 c:/program files (x86)/atmel/studio/7.0/toolchain/avr8/avr8-gnu-toolchain/bin/../lib/gcc/avr/5.4.0/avr5\libgcc.a(_copy_data.o)
 .text.libgcc.builtins
                0x00000000        0x0 c:/program files (x86)/atmel/studio/7.0/toolchain/avr8/avr8-gnu-toolchain/bin/../lib/gcc/avr/5.4.0/avr5\libgcc.a(_copy_data.o)
 .text.libgcc.fmul
                0x00000000        0x0 c:/program files (x86)/atmel/studio/7.0/toolchain/avr8/avr8-gnu-toolchain/bin/../lib/gcc/avr/5.4.0/avr5\libgcc.a(_copy_data.o)
 .text.libgcc.fixed
                0x00000000        0x0 c:/program files (x86)/atmel/studio/7.0/toolchain/avr8/avr8-gnu-toolchain/bin/../lib/gcc/avr/5.4.0/avr5\libgcc.a(_copy_data.o)
 .text          0x00000000        0x0 c:/program files (x86)/atmel/studio/7.0/toolchain/avr8/avr8-gnu-toolchain/bin/../lib/gcc/avr/5.4.0/avr5\libgcc.a(_clear_bss.o)
 .data          0x00000000        0x0 c:/program files (x86)/atmel/studio/7.0/toolchain/avr8/avr8-gnu-toolchain/bin/../lib/gcc/avr/5.4.0/avr5\libgcc.a(_clear_bss.o)
 .bss           0x00000000        0x0 c:/program files (x86)/atmel/studio/7.0/toolchain/avr8/avr8-gnu-toolchain/bin/../lib/gcc/avr/5.4.0/avr5\libgcc.a(_clear_bss.o)
 .text.libgcc.mul
                0x00000000        0x0 c:/program files (x86)/atmel/studio/7.0/toolchain/avr8/avr8-gnu-toolchain/bin/../lib/gcc/avr/5.4.0/avr5\libgcc.a(_clear_bss.o)
 .text.libgcc.div
                0x00000000        0x0 c:/program files (x86)/atmel/studio/7.0/toolchain/avr8/avr8-gnu-toolchain/bin/../lib/gcc/avr/5.4.0/avr5\libgcc.a(_clear_bss.o)
 .text.libgcc   0x00000000        0x0 c:/program files (x86)/atmel/studio/7.0/toolchain/avr8/avr8-gnu-toolchain/bin/../lib/gcc/avr/5.4.0/avr5\libgcc.a(_clear_bss.o)
 .text.libgcc.prologue
                0x00000000        0x0 c:/program files (x86)/atmel/studio/7.0/toolchain/avr8/avr8-gnu-toolchain/bin/../lib/gcc/avr/5.4.0/avr5\libgcc.a(_clear_bss.o)
 .text.libgcc.builtins
                0x00000000        0x0 c:/program files (x86)/atmel/studio/7.0/toolchain/avr8/avr8-gnu-toolchain/bin/../lib/gcc/avr/5.4.0/avr5\libgcc.a(_clear_bss.o)
 .text.libgcc.fmul
                0x00000000        0x0 c:/program files (x86)/atmel/studio/7.0/toolchain/avr8/avr8-gnu-toolchain/bin/../lib/gcc/avr/5.4.0/avr5\libgcc.a(_clear_bss.o)
 .text.libgcc.fixed
                0x00000000        0x0 c:/program files (x86)/atmel/studio/7.0/toolchain/avr8/avr8-gnu-toolchain/bin/../lib/gcc/avr/5.4.0/avr5\libgcc.a(_clear_bss.o)
 .text          0x00000000        0x0 c:/program files (x86)/atmel/studio/7.0/toolchain/avr8/avr8-gnu-toolchain/bin/../lib/gcc/avr/5.4.0/avr5\libgcc.a(_udivmodhi4.o)
 .data          0x00000000        0x0 c:/program files (x86)/atmel/studio/7.0/toolchain/avr8/avr8-gnu-toolchain/bin/../lib/gcc/avr/5.4.0/avr5\libgcc.a(_udivmodhi4.o)
 .bss           0x00000000        0x0 c:/program files (x86)/atmel/studio/7.0/toolchain/avr8/avr8-gnu-toolchain/bin/../lib/gcc/avr/5.4.0/avr5\libgcc.a(_udivmodhi4.o)
 .text.libgcc.mul
                0x00000000        0x0 c:/program files (x86)/atmel/studio/7.0/toolchain/avr8/avr8-gnu-toolchain/bin/../lib/gcc/avr/5.4.0/avr5\libgcc.a(_udivmodhi4.o)
 .text.libgcc   0x00000000        0x0 c:/program files (x86)/atmel/studio/7.0/toolchain/avr8/avr8-gnu-toolchain/bin/../lib/gcc/avr/5.4.0/avr5\libgcc.a(_udivmodhi4.o)
 .text.libgcc.prologue
                0x00000000        0x0 c:/program files (x86)/atmel/studio/7.0/toolchain/avr8/avr8-gnu-toolchain/bin/../lib/gcc/avr/5.4.0/avr5\libgcc.a(_udivmodhi4.o)
 .text.libgcc.builtins
                0x00000000        0x0 c:/program files (x86)/atmel/studio/7.0/toolchain/avr8/avr8-gnu-toolchain/bin/../lib/gcc/avr/5.4.0/avr5\libgcc.a(_udivmodhi4.o)
 .text.libgcc.fmul
                0x00000000        0x0 c:/program files (x86)/atmel/studio/7.0/toolchain/avr8/avr8-gnu-toolchain/bin/../lib/gcc/avr/5.4.0/avr5\libgcc.a(_udivmodhi4.o)
 .text.libgcc.fixed
                0x00000000        0x0 c:/program files (x86)/atmel/studio/7.0/toolchain/avr8/avr8-gnu-toolchain/bin/../lib/gcc/avr/5.4.0/avr5\libgcc.a(_udivmodhi4.o)
 .text          0x00000000        0x0 c:/program files (x86)/atmel/studio/7.0/toolchain/avr8/avr8-gnu-toolchain/bin/../lib/gcc/avr/5.4.0/../../../../avr/lib/avr5\libc.a(setjmp.o)
 .data          0x00000000        0x0 c:/program files (x86)/atmel/studio/7.0/toolchain/avr8/avr8-gnu-toolchain/bin/../lib/gcc/avr/5.4.0/../../../../avr/lib/avr5\libc.a(setjmp.o)
 .bss           0x00000000        0x0 c:/program files (x86)/atmel/studio/7.0/toolchain/avr8/avr8-gnu-toolchain/bin/../lib/gcc/avr/5.4.0/../../../../avr/lib/avr5\libc.a(setjmp.o)

Memory Configuration

Name             Origin             Length             Attributes
text             0x00000000         0x00020000         xr
data             0x00800060         0x0000ffa0         rw !x
eeprom           0x00810000         0x00010000         rw !x
fuse             0x00820000         0x00000003         rw !x
lock             0x00830000         0x00000400         rw !x
signature        0x00840000         0x00000400         rw !x
user_signatures  0x00850000         0x00000400         rw !x
*default*        0x00000000         0xffffffff

Linker script and memory map

Address of section .data set to 0x800100
LOAD C:/Program Files (x86)/Atmel/Studio/7.0/Packs/atmel/ATmega_DFP/1.2.209/gcc/dev/atmega169p/avr5/crtatmega169p.o
LOAD Bridge.o
LOAD CarQueue.o
LOAD GUI.o
LOAD InputHandler.o
LOAD main.o
LOAD SimWriter.o
LOAD TinyTimber.o
LOAD TrafficLight.o
START GROUP
LOAD c:/program files (x86)/atmel/studio/7.0/toolchain/avr8/avr8-gnu-toolchain/bin/../lib/gcc/avr/5.4.0/../../../../avr/lib/avr5\libm.a
END GROUP
START GROUP
LOAD c:/program files (x86)/atmel/studio/7.0/toolchain/avr8/avr8-gnu-toolchain/bin/../lib/gcc/avr/5.4.0/avr5\libgcc.a
LOAD c:/program files (x86)/atmel/studio/7.0/toolchain/avr8/avr8-gnu-toolchain/bin/../lib/gcc/avr/5.4.0/../../../../avr/lib/avr5\libm.a
LOAD c:/program files (x86)/atmel/studio/7.0/toolchain/avr8/avr8-gnu-toolchain/bin/../lib/gcc/avr/5.4.0/../../../../avr/lib/avr5\libc.a
LOAD C:/Program Files (x86)/Atmel/Studio/7.0/Packs/atmel/ATmega_DFP/1.2.209/gcc/dev/atmega169p/avr5\libatmega169p.a
END GROUP
                0x00020000                __TEXT_REGION_LENGTH__ = DEFINED (__TEXT_REGION_LENGTH__)?__TEXT_REGION_LENGTH__:0x20000
                0x0000ffa0                __DATA_REGION_LENGTH__ = DEFINED (__DATA_REGION_LENGTH__)?__DATA_REGION_LENGTH__:0xffa0
                0x00010000                __EEPROM_REGION_LENGTH__ = DEFINED (__EEPROM_REGION_LENGTH__)?__EEPROM_REGION_LENGTH__:0x10000
                [0x00000003]                __FUSE_REGION_LENGTH__ = DEFINED (__FUSE_REGION_LENGTH__)?__FUSE_REGION_LENGTH__:0x400
                0x00000400                __LOCK_REGION_LENGTH__ = DEFINED (__LOCK_REGION_LENGTH__)?__LOCK_REGION_LENGTH__:0x400
                0x00000400                __SIGNATURE_REGION_LENGTH__ = DEFINED (__SIGNATURE_REGION_LENGTH__)?__SIGNATURE_REGION_LENGTH__:0x400
                0x00000400                __USER_SIGNATURE_REGION_LENGTH__ = DEFINED (__USER_SIGNATURE_REGION_LENGTH__)?__USER_SIGNATURE_REGION_LENGTH__:0x400

.hash
 *(.hash)

.dynsym
 *(.dynsym)

.dynstr
 *(.dynstr)

.gnu.version
 *(.gnu.version)

.gnu.version_d
 *(.gnu.version_d)

.gnu.version_r
 *(.gnu.version_r)

.rel.init
 *(.rel.init)

.rela.init
 *(.rela.init)

.rel.text
 *(.rel.text)
 *(.rel.text.*)
 *(.rel.gnu.linkonce.t*)

.rela.text
 *(.rela.text)
 *(.rela.text.*)
 *(.rela.gnu.linkonce.t*)

.rel.fini
 *(.rel.fini)

.rela.fini
 *(.rela.fini)

.rel.rodata
 *(.rel.rodata)
 *(.rel.rodata.*)
 *(.rel.gnu.linkonce.r*)

.rela.rodata
 *(.rela.rodata)
 *(.rela.rodata.*)
 *(.rela.gnu.linkonce.r*)

.rel.data
 *(.rel.data)
 *(.rel.data.*)
 *(.rel.gnu.linkonce.d*)

.rela.data
 *(.rela.data)
 *(.rela.data.*)
 *(.rela.gnu.linkonce.d*)

.rel.ctors
 *(.rel.ctors)

.rela.ctors
 *(.rela.ctors)

.rel.dtors
 *(.rel.dtors)

.rela.dtors
 *(.rela.dtors)

.rel.got
 *(.rel.got)

.rela.got
 *(.rela.got)

.rel.bss
 *(.rel.bss)

.rela.bss
 *(.rela.bss)

.rel.plt
 *(.rel.plt)

.rela.plt
 *(.rela.plt)

.text           0x00000000     0x2290
 *(.vectors)
 .vectors       0x00000000       0x5c C:/Program Files (x86)/Atmel/Studio/7.0/Packs/atmel/ATmega_DFP/1.2.209/gcc/dev/atmega169p/avr5/crtatmega169p.o
                0x00000000                __vector_default
                0x00000000                __vectors
 *(.vectors)
 *(.progmem.gcc*)
 .progmem.gcc_sw_table.writeChar
                0x0000005c       0x14 GUI.o
                0x00000070                . = ALIGN (0x2)
                0x00000070                __trampolines_start = .
 *(.trampolines)
 .trampolines   0x00000070        0x0 linker stubs
 *(.trampolines*)
                0x00000070                __trampolines_end = .
 *libprintf_flt.a:*(.progmem.data)
 *libc.a:*(.progmem.data)
 *(.progmem*)
                0x00000070                . = ALIGN (0x2)
 *(.jumptables)
 *(.jumptables*)
 *(.lowtext)
 *(.lowtext*)
                0x00000070                __ctors_start = .
 *(.ctors)
                0x00000070                __ctors_end = .
                0x00000070                __dtors_start = .
 *(.dtors)
                0x00000070                __dtors_end = .
 SORT(*)(.ctors)
 SORT(*)(.dtors)
 *(.init0)
 .init0         0x00000070        0x0 C:/Program Files (x86)/Atmel/Studio/7.0/Packs/atmel/ATmega_DFP/1.2.209/gcc/dev/atmega169p/avr5/crtatmega169p.o
                0x00000070                __init
 *(.init0)
 *(.init1)
 *(.init1)
 *(.init2)
 .init2         0x00000070        0xc C:/Program Files (x86)/Atmel/Studio/7.0/Packs/atmel/ATmega_DFP/1.2.209/gcc/dev/atmega169p/avr5/crtatmega169p.o
 *(.init2)
 *(.init3)
 *(.init3)
 *(.init4)
 .init4         0x0000007c       0x16 c:/program files (x86)/atmel/studio/7.0/toolchain/avr8/avr8-gnu-toolchain/bin/../lib/gcc/avr/5.4.0/avr5\libgcc.a(_copy_data.o)
                0x0000007c                __do_copy_data
 .init4         0x00000092       0x10 c:/program files (x86)/atmel/studio/7.0/toolchain/avr8/avr8-gnu-toolchain/bin/../lib/gcc/avr/5.4.0/avr5\libgcc.a(_clear_bss.o)
                0x00000092                __do_clear_bss
 *(.init4)
 *(.init5)
 *(.init5)
 *(.init6)
 *(.init6)
 *(.init7)
 *(.init7)
 *(.init8)
 *(.init8)
 *(.init9)
 .init9         0x000000a2        0x8 C:/Program Files (x86)/Atmel/Studio/7.0/Packs/atmel/ATmega_DFP/1.2.209/gcc/dev/atmega169p/avr5/crtatmega169p.o
 *(.init9)
 *(.text)
 .text          0x000000aa        0x4 C:/Program Files (x86)/Atmel/Studio/7.0/Packs/atmel/ATmega_DFP/1.2.209/gcc/dev/atmega169p/avr5/crtatmega169p.o
                0x000000aa                __vector_6
                0x000000aa                __vector_8
                0x000000aa                __bad_interrupt
                0x000000ae                . = ALIGN (0x2)
 *(.text.*)
 .text.removeCarFromBridge
                0x000000ae       0x46 Bridge.o
                0x000000ae                removeCarFromBridge
 .text.addCarToBridge
                0x000000f4       0x6e Bridge.o
                0x000000f4                addCarToBridge
 .text.updateGUI
                0x00000162       0x76 CarQueue.o
                0x00000162                updateGUI
 .text.addCar   0x000001d8       0x46 CarQueue.o
                0x000001d8                addCar
 .text.sendCar  0x0000021e       0x72 CarQueue.o
                0x0000021e                sendCar
 .text.writeChar
                0x00000290      0x39c GUI.o
 .text.printAt  0x0000062c       0x4c GUI.o
                0x0000062c                printAt
 .text.initLCD  0x00000678       0x5e GUI.o
                0x00000678                initLCD
 .text.carsOnBridge
                0x000006d6        0x8 GUI.o
                0x000006d6                carsOnBridge
 .text.carsInNorthQueue
                0x000006de        0x8 GUI.o
                0x000006de                carsInNorthQueue
 .text.carsInSouthQueue
                0x000006e6        0x8 GUI.o
                0x000006e6                carsInSouthQueue
 .text.test     0x000006ee       0xca InputHandler.o
                0x000006ee                test
 .text.startup.main
                0x000007b8       0x3a main.o
                0x000007b8                main
 .text.northboundGreenLight
                0x000007f2       0x10 SimWriter.o
                0x000007f2                northboundGreenLight
 .text.northboundRedLight
                0x00000802       0x10 SimWriter.o
                0x00000802                northboundRedLight
 .text.southboundGreenLight
                0x00000812       0x10 SimWriter.o
                0x00000812                southboundGreenLight
 .text.southboundRedLight
                0x00000822       0x10 SimWriter.o
                0x00000822                southboundRedLight
 .text.initialize
                0x00000832       0xd6 TinyTimber.o
 .text.dispatch
                0x00000908       0x40 TinyTimber.o
 .text.schedule
                0x00000948       0x80 TinyTimber.o
 .text.dequeue.part.0
                0x000009c8       0x16 TinyTimber.o
 .text.__vector_1
                0x000009de       0xd8 TinyTimber.o
                0x000009de                __vector_1
 .text.__vector_2
                0x00000ab6       0xd8 TinyTimber.o
                0x00000ab6                __vector_2
 .text.__vector_3
                0x00000b8e       0xd8 TinyTimber.o
                0x00000b8e                __vector_3
 .text.__vector_4
                0x00000c66       0xd8 TinyTimber.o
                0x00000c66                __vector_4
 .text.__vector_5
                0x00000d3e       0xd8 TinyTimber.o
                0x00000d3e                __vector_5
 .text.__vector_10
                0x00000e16       0xd8 TinyTimber.o
                0x00000e16                __vector_10
 .text.__vector_11
                0x00000eee       0xd8 TinyTimber.o
                0x00000eee                __vector_11
 .text.__vector_12
                0x00000fc6       0xd8 TinyTimber.o
                0x00000fc6                __vector_12
 .text.__vector_13
                0x0000109e       0xd8 TinyTimber.o
                0x0000109e                __vector_13
 .text.__vector_14
                0x00001176       0xd8 TinyTimber.o
                0x00001176                __vector_14
 .text.__vector_15
                0x0000124e       0xd8 TinyTimber.o
                0x0000124e                __vector_15
 .text.__vector_16
                0x00001326       0xd8 TinyTimber.o
                0x00001326                __vector_16
 .text.__vector_17
                0x000013fe       0xd8 TinyTimber.o
                0x000013fe                __vector_17
 .text.__vector_18
                0x000014d6       0xd8 TinyTimber.o
                0x000014d6                __vector_18
 .text.__vector_19
                0x000015ae       0xd8 TinyTimber.o
                0x000015ae                __vector_19
 .text.__vector_20
                0x00001686       0xd8 TinyTimber.o
                0x00001686                __vector_20
 .text.__vector_21
                0x0000175e       0xd8 TinyTimber.o
                0x0000175e                __vector_21
 .text.__vector_22
                0x00001836       0xd8 TinyTimber.o
                0x00001836                __vector_22
 .text.__vector_9
                0x0000190e       0xa6 TinyTimber.o
                0x0000190e                __vector_9
 .text.__vector_7
                0x000019b4      0x1e0 TinyTimber.o
                0x000019b4                __vector_7
 .text.async    0x00001b94      0x2e0 TinyTimber.o
                0x00001b94                async
 .text.sync     0x00001e74      0x104 TinyTimber.o
                0x00001e74                sync
 .text.run      0x00001f78       0xf6 TinyTimber.o
 .text.install  0x0000206e       0x34 TinyTimber.o
                0x0000206e                install
 .text.tinytimber
                0x000020a2       0x38 TinyTimber.o
                0x000020a2                tinytimber
 .text.trafficLightFunc
                0x000020da       0xd4 TrafficLight.o
                0x000020da                trafficLightFunc
 .text.libgcc.div
                0x000021ae       0x28 c:/program files (x86)/atmel/studio/7.0/toolchain/avr8/avr8-gnu-toolchain/bin/../lib/gcc/avr/5.4.0/avr5\libgcc.a(_divmodhi4.o)
                0x000021ae                _div
                0x000021ae                __divmodhi4
 .text.libgcc   0x000021d6        0xc c:/program files (x86)/atmel/studio/7.0/toolchain/avr8/avr8-gnu-toolchain/bin/../lib/gcc/avr/5.4.0/avr5\libgcc.a(_tablejump2.o)
                0x000021d6                __tablejump2__
 .text.libgcc.div
                0x000021e2       0x28 c:/program files (x86)/atmel/studio/7.0/toolchain/avr8/avr8-gnu-toolchain/bin/../lib/gcc/avr/5.4.0/avr5\libgcc.a(_udivmodhi4.o)
                0x000021e2                __udivmodhi4
 .text.avr-libc
                0x0000220a       0x82 c:/program files (x86)/atmel/studio/7.0/toolchain/avr8/avr8-gnu-toolchain/bin/../lib/gcc/avr/5.4.0/../../../../avr/lib/avr5\libc.a(setjmp.o)
                0x0000220a                setjmp
                0x0000224a                longjmp
                0x0000228c                . = ALIGN (0x2)
 *(.fini9)
 .fini9         0x0000228c        0x0 c:/program files (x86)/atmel/studio/7.0/toolchain/avr8/avr8-gnu-toolchain/bin/../lib/gcc/avr/5.4.0/avr5\libgcc.a(_exit.o)
                0x0000228c                _exit
                0x0000228c                exit
 *(.fini9)
 *(.fini8)
 *(.fini8)
 *(.fini7)
 *(.fini7)
 *(.fini6)
 *(.fini6)
 *(.fini5)
 *(.fini5)
 *(.fini4)
 *(.fini4)
 *(.fini3)
 *(.fini3)
 *(.fini2)
 *(.fini2)
 *(.fini1)
 *(.fini1)
 *(.fini0)
 .fini0         0x0000228c        0x4 c:/program files (x86)/atmel/studio/7.0/toolchain/avr8/avr8-gnu-toolchain/bin/../lib/gcc/avr/5.4.0/avr5\libgcc.a(_exit.o)
 *(.fini0)
                0x00002290                _etext = .

.data           0x00800100       0x3c load address 0x00002290
                0x00800100                PROVIDE (__data_start, .)
 *(.data)
 *(.data*)
 .data.trafficLight
                0x00800100        0x8 main.o
                0x00800100                trafficLight
 .data.inputHandler
                0x00800108        0xc main.o
                0x00800108                inputHandler
 .data.southQueue
                0x00800114        0xc main.o
                0x00800114                southQueue
 .data.northQueue
                0x00800120        0xc main.o
                0x00800120                northQueue
 .data.bridge   0x0080012c        0x8 main.o
                0x0080012c                bridge
 .data.current  0x00800134        0x2 TinyTimber.o
                0x00800134                current
 .data.activeStack
                0x00800136        0x2 TinyTimber.o
                0x00800136                activeStack
 .data.threadPool
                0x00800138        0x2 TinyTimber.o
                0x00800138                threadPool
 .data.msgPool  0x0080013a        0x2 TinyTimber.o
                0x0080013a                msgPool
 *(.gnu.linkonce.d*)
 *(.rodata)
 *(.rodata*)
 *(.gnu.linkonce.r*)
                0x0080013c                . = ALIGN (0x2)
                0x0080013c                _edata = .
                0x0080013c                PROVIDE (__data_end, .)

.bss            0x0080013c      0x35b
                0x0080013c                PROVIDE (__bss_start, .)
 *(.bss)
 *(.bss*)
 .bss.simWriter
                0x0080013c        0x4 main.o
                0x0080013c                simWriter
 .bss.gui       0x00800140        0x4 main.o
                0x00800140                gui
 .bss.overflows
                0x00800144        0x2 TinyTimber.o
                0x00800144                overflows
 .bss.timestamp
                0x00800146        0x4 TinyTimber.o
                0x00800146                timestamp
 .bss.timerQ    0x0080014a        0x2 TinyTimber.o
                0x0080014a                timerQ
 .bss.msgQ      0x0080014c        0x2 TinyTimber.o
                0x0080014c                msgQ
 *(COMMON)
 COMMON         0x0080014e      0x349 TinyTimber.o
                0x0080014e                otable
                0x00800172                threads
                0x008001e6                mtable
                0x0080020a                thread0
                0x00800227                messages
                0x00800317                stacks
                0x00800497                PROVIDE (__bss_end, .)
                0x00002290                __data_load_start = LOADADDR (.data)
                0x000022cc                __data_load_end = (__data_load_start + SIZEOF (.data))

.noinit         0x00800497        0x0
                [!provide]                PROVIDE (__noinit_start, .)
 *(.noinit*)
                [!provide]                PROVIDE (__noinit_end, .)
                0x00800497                _end = .
                [!provide]                PROVIDE (__heap_start, .)

.eeprom         0x00810000        0x0
 *(.eeprom*)
                0x00810000                __eeprom_end = .

.fuse
 *(.fuse)
 *(.lfuse)
 *(.hfuse)
 *(.efuse)

.lock
 *(.lock*)

.signature
 *(.signature*)

.user_signatures
 *(.user_signatures*)

.stab
 *(.stab)

.stabstr
 *(.stabstr)

.stab.excl
 *(.stab.excl)

.stab.exclstr
 *(.stab.exclstr)

.stab.index
 *(.stab.index)

.stab.indexstr
 *(.stab.indexstr)

.comment        0x00000000       0x30
 *(.comment)
 .comment       0x00000000       0x30 Bridge.o
                                 0x31 (size before relaxing)
 .comment       0x00000030       0x31 CarQueue.o
 .comment       0x00000030       0x31 GUI.o
 .comment       0x00000030       0x31 InputHandler.o
 .comment       0x00000030       0x31 main.o
 .comment       0x00000030       0x31 SimWriter.o
 .comment       0x00000030       0x31 TinyTimber.o
 .comment       0x00000030       0x31 TrafficLight.o

.note.gnu.avr.deviceinfo
                0x00000000       0x40
 .note.gnu.avr.deviceinfo
                0x00000000       0x40 C:/Program Files (x86)/Atmel/Studio/7.0/Packs/atmel/ATmega_DFP/1.2.209/gcc/dev/atmega169p/avr5/crtatmega169p.o

.note.gnu.build-id
 *(.note.gnu.build-id)

.debug
 *(.debug)

.line
 *(.line)

.debug_srcinfo
 *(.debug_srcinfo)

.debug_sfnames
 *(.debug_sfnames)

.debug_aranges  0x00000000      0x290
 *(.debug_aranges)
 .debug_aranges
                0x00000000       0x28 Bridge.o
 .debug_aranges
                0x00000028       0x30 CarQueue.o
 .debug_aranges
                0x00000058       0x48 GUI.o
 .debug_aranges
                0x000000a0       0x20 InputHandler.o
 .debug_aranges
                0x000000c0       0x28 main.o
 .debug_aranges
                0x000000e8       0x38 SimWriter.o
 .debug_aranges
                0x00000120      0x150 TinyTimber.o
 .debug_aranges
                0x00000270       0x20 TrafficLight.o

.debug_pubnames
 *(.debug_pubnames)

.debug_info     0x00000000     0x303c
 *(.debug_info .gnu.linkonce.wi.*)
 .debug_info    0x00000000      0x7b6 C:/Program Files (x86)/Atmel/Studio/7.0/Packs/atmel/ATmega_DFP/1.2.209/gcc/dev/atmega169p/avr5/crtatmega169p.o
 .debug_info    0x000007b6      0x268 Bridge.o
 .debug_info    0x00000a1e      0x3ab CarQueue.o
 .debug_info    0x00000dc9      0x37a GUI.o
 .debug_info    0x00001143      0x383 InputHandler.o
 .debug_info    0x000014c6      0x448 main.o
 .debug_info    0x0000190e      0x179 SimWriter.o
 .debug_info    0x00001a87     0x130b TinyTimber.o
 .debug_info    0x00002d92      0x2aa TrafficLight.o

.debug_abbrev   0x00000000     0x12f2
 *(.debug_abbrev)
 .debug_abbrev  0x00000000      0x74b C:/Program Files (x86)/Atmel/Studio/7.0/Packs/atmel/ATmega_DFP/1.2.209/gcc/dev/atmega169p/avr5/crtatmega169p.o
 .debug_abbrev  0x0000074b       0xf4 Bridge.o
 .debug_abbrev  0x0000083f      0x13a CarQueue.o
 .debug_abbrev  0x00000979      0x153 GUI.o
 .debug_abbrev  0x00000acc      0x103 InputHandler.o
 .debug_abbrev  0x00000bcf      0x17b main.o
 .debug_abbrev  0x00000d4a       0xa8 SimWriter.o
 .debug_abbrev  0x00000df2      0x428 TinyTimber.o
 .debug_abbrev  0x0000121a       0xd8 TrafficLight.o

.debug_line     0x00000000     0x170e
 *(.debug_line .debug_line.* .debug_line_end)
 .debug_line    0x00000000      0x121 C:/Program Files (x86)/Atmel/Studio/7.0/Packs/atmel/ATmega_DFP/1.2.209/gcc/dev/atmega169p/avr5/crtatmega169p.o
 .debug_line    0x00000121       0x8e Bridge.o
 .debug_line    0x000001af       0xd0 CarQueue.o
 .debug_line    0x0000027f      0x28e GUI.o
 .debug_line    0x0000050d      0x112 InputHandler.o
 .debug_line    0x0000061f      0x159 main.o
 .debug_line    0x00000778      0x120 SimWriter.o
 .debug_line    0x00000898      0xdda TinyTimber.o
 .debug_line    0x00001672       0x9c TrafficLight.o

.debug_frame    0x00000000      0xc80
 *(.debug_frame)
 .debug_frame   0x00000000       0x7c Bridge.o
 .debug_frame   0x0000007c       0xac CarQueue.o
 .debug_frame   0x00000128       0xb4 GUI.o
 .debug_frame   0x000001dc       0x54 InputHandler.o
 .debug_frame   0x00000230       0x34 main.o
 .debug_frame   0x00000264       0x54 SimWriter.o
 .debug_frame   0x000002b8      0x97c TinyTimber.o
 .debug_frame   0x00000c34       0x4c TrafficLight.o

.debug_str      0x00000000      0x9d9
 *(.debug_str)
 .debug_str     0x00000000      0x2b3 C:/Program Files (x86)/Atmel/Studio/7.0/Packs/atmel/ATmega_DFP/1.2.209/gcc/dev/atmega169p/avr5/crtatmega169p.o
 .debug_str     0x000002b3      0x163 Bridge.o
                                0x173 (size before relaxing)
 .debug_str     0x00000416       0x4a CarQueue.o
                                0x18c (size before relaxing)
 .debug_str     0x00000460       0x89 GUI.o
                                0x1e2 (size before relaxing)
 .debug_str     0x000004e9       0x49 InputHandler.o
                                0x209 (size before relaxing)
 .debug_str     0x00000532      0x175 main.o
                                0x34b (size before relaxing)
 .debug_str     0x000006a7       0x61 SimWriter.o
                                0x1df (size before relaxing)
 .debug_str     0x00000708      0x2ac TinyTimber.o
                                0x552 (size before relaxing)
 .debug_str     0x000009b4       0x25 TrafficLight.o
                                0x1cf (size before relaxing)

.debug_loc      0x00000000     0x2f2a
 *(.debug_loc)
 .debug_loc     0x00000000      0x15c Bridge.o
 .debug_loc     0x0000015c      0x239 CarQueue.o
 .debug_loc     0x00000395      0x51a GUI.o
 .debug_loc     0x000008af       0xee InputHandler.o
 .debug_loc     0x0000099d       0x3b main.o
 .debug_loc     0x000009d8     0x247f TinyTimber.o
 .debug_loc     0x00002e57       0xd3 TrafficLight.o

.debug_macinfo
 *(.debug_macinfo)

.debug_weaknames
 *(.debug_weaknames)

.debug_funcnames
 *(.debug_funcnames)

.debug_typenames
 *(.debug_typenames)

.debug_varnames
 *(.debug_varnames)

.debug_pubtypes
 *(.debug_pubtypes)

.debug_ranges   0x00000000      0x2f8
 *(.debug_ranges)
 .debug_ranges  0x00000000       0x18 Bridge.o
 .debug_ranges  0x00000018       0x20 CarQueue.o
 .debug_ranges  0x00000038       0x38 GUI.o
 .debug_ranges  0x00000070       0x10 InputHandler.o
 .debug_ranges  0x00000080       0x18 main.o
 .debug_ranges  0x00000098       0x28 SimWriter.o
 .debug_ranges  0x000000c0      0x228 TinyTimber.o
 .debug_ranges  0x000002e8       0x10 TrafficLight.o

.debug_macro
 *(.debug_macro)
OUTPUT(Lab5.elf elf32-avr)
LOAD linker stubs
